<html>
<body>
<pre>
<h1>µVision Build Log</h1>
<h2>Tool Versions:</h2>
IDE-Version: ¦ÌVision V5.37.0.0
Copyright (C) 2022 ARM Ltd and ARM Germany GmbH. All rights reserved.
License Information: Yecheng Huang, HITSZ, LIC=MPPLD-852FW-EVG1R-KNP8C-BFK8J-Q3I6C
 
Tool Versions:
Toolchain:       MDK-ARM Plus  Version: 5.37.0.0
Toolchain Path:  D:\Software\Keil_v5\ARM\ARMCLANG\Bin
C Compiler:      ArmClang.exe V6.18
Assembler:       Armasm.exe V6.18
Linker/Locator:  ArmLink.exe V6.18
Library Manager: ArmAr.exe V6.18
Hex Converter:   FromElf.exe V6.18
CPU DLL:         SARMCM3.DLL V5.37.0.0
Dialog DLL:      DARMCM1.DLL V1.19.6.0
Target DLL:      CMSIS_AGDI.dll V1.33.12.0
Dialog DLL:      TARMCM1.DLL V1.14.6.0
 
<h2>Project:</h2>
D:\Software\M0_SDK\mspm0_sdk_2_10_00_04\examples\nortos\LP_MSPM0G3507\driverlib\gpio_toggle_output\keil\gpio_toggle_output_LP_MSPM0G3507_nortos_keil.uvprojx
Project File Date:  06/07/2026

<h2>Output:</h2>
*** Using Compiler 'V6.18', folder: 'D:\Software\Keil_v5\ARM\ARMCLANG\Bin'
Rebuild target 'gpio_toggle_output_LP_MSPM0G3507_nortos_keil'
Before Build - User command #1: cmd.exe /C "D:\Software\M0_SDK\mspm0_sdk_2_10_00_04\examples\nortos\LP_MSPM0G3507\driverlib\gpio_toggle_output\keil\../../../../../../tools/keil/syscfg.bat 'D:\Software\M0_SDK\mspm0_sdk_2_10_00_04\examples\nortos\LP_MSPM0G3507\driverlib\gpio_toggle_output\keil\' gpio_toggle_output.syscfg"
Using Sysconfig Tool from "D:\Software\Keil_v5\Sysconfig\sysconfig_cli.bat"
"Update the file located at <sdk path>/tools/keil/syscfg.bat to use a different version"
Running script...
Validating...
Generating Code (gpio_toggle_output.syscfg)...
Unchanged D:\Software\M0_SDK\mspm0_sdk_2_10_00_04\examples\nortos\LP_MSPM0G3507\driverlib\gpio_toggle_output\keil\ti_msp_dl_config.c...
Unchanged D:\Software\M0_SDK\mspm0_sdk_2_10_00_04\examples\nortos\LP_MSPM0G3507\driverlib\gpio_toggle_output\keil\ti_msp_dl_config.h...
Unchanged D:\Software\M0_SDK\mspm0_sdk_2_10_00_04\examples\nortos\LP_MSPM0G3507\driverlib\gpio_toggle_output\keil\Event.dot...
compiling gpio_toggle_output.c...
compiling bsp_player.c...
compiling ti_msp_dl_config.c...
compiling bsp_voice.c...
assembling startup_mspm0g350x_uvision.s...
compiling oled.c...
linking...
Program Size: Code=10272 RO-data=6976 RW-data=0 ZI-data=1704  
FromELF: creating hex file...
".\Objects\gpio_toggle_output_LP_MSPM0G3507_nortos_keil.axf" - 0 Error(s), 0 Warning(s).

<h2>Software Packages used:</h2>

Package Vendor: TexasInstruments
                https://software-dl.ti.com/msp430/esd/MSPM0-CMSIS/MSPM0G1X0X_G3X0X/latest/exports/TexasInstruments.MSPM0G1X0X_G3X0X_DFP.1.3.1.pack
                TexasInstruments.MSPM0G1X0X_G3X0X_DFP.1.3.1
                Device Family Pack for Texas Instruments MSPM0G1X0X_G3X0X Series

<h2>Collection of Component include folders:</h2>

<h2>Collection of Component Files used:</h2>
Build Time Elapsed:  00:00:02
</pre>
</body>
</html>
