C51 COMPILER V9.60.7.0   MAIN                                                              07/19/2024 10:34:26 PAGE 1   


C51 COMPILER V9.60.7.0, COMPILATION OF MODULE MAIN
OBJECT MODULE PLACED IN .\Objects\main.obj
COMPILER INVOKED BY: E:\KEIL5\C51\BIN\C51.EXE main.c OPTIMIZE(8,SPEED) BROWSE DEBUG OBJECTEXTEND PRINT(.\Listings\main.l
                    -st) OBJECT(.\Objects\main.obj)

line level    source

   1          #include <REGX52.H>
   2          #include "MAX7219.H"
   3          #include "Delay1ms.h"
   4          #include "Timer0.h"
   5          #include "DS1302.h"
   6          unsigned char Hour, Min, Sec, MODE, Bright = 1;
   7          void main()
   8          {
   9   1              unsigned char i;
  10   1              MAX7219_Init();
  11   1              Timer0_Init();
  12   1      //      DS1302_WRITE(0x8E, 0x00); // 关闭写保护
  13   1      //      DS1302_WRITE(0x80, 0x00); // 秒
  14   1      //      DS1302_WRITE(0x82, 0x07); // 分
  15   1      //      DS1302_WRITE(0x84, 0x09); // 时
  16   1      //      DS1302_WRITE(0x86, 0x19); // 日
  17   1      //      DS1302_WRITE(0x88, 0x07); // 月
  18   1      //      DS1302_WRITE(0x8C, 0x24); // 年
  19   1              while(1)
  20   1              {
  21   2                       
  22   2                      if(P2_6 == 0)  // 外部按键调节亮度
  23   2                      {
  24   3                              Delay1ms(20);
  25   3                              if(P2_6 == 0)
  26   3                              {
  27   4                                      Bright++; 
  28   4                                      Bright %= 3;
  29   4                                      switch (Bright)
  30   4                                      {
  31   5                                              case 0: BrightSet = 1; break;
  32   5                                              case 1: BrightSet = 8; break;
  33   5                                              case 2: BrightSet = 15; break;
  34   5                                      }
  35   4                                      MAX7219_Init();                 
  36   4                              }
  37   3      
  38   3                      } 
  39   2                      
  40   2                      
  41   2                      Sec = DS1302_READ(0x81); // 读取秒
  42   2                      Min = DS1302_READ(0x83); // 读取分
  43   2                      Hour = DS1302_READ(0x85);// 读取时
  44   2                      
  45   2                      if (MODE)
  46   2                      {
  47   3                              for (i = 0; i < 8; i++)
  48   3                              {
  49   4                                      DisplayData[0][i] = MAX7219DATA[Hour / 10][i]; // 更新缓存数据
  50   4                                      DisplayData[1][i] = MAX7219DATA[Hour % 10][i];
  51   4                                      DisplayData[2][i] = MAX7219DATA[10][i];
  52   4                                      DisplayData[3][i] = MAX7219DATA[Min / 10][i];
  53   4                                      DisplayData[4][i] = MAX7219DATA[Min % 10][i];
  54   4                              }                       
C51 COMPILER V9.60.7.0   MAIN                                                              07/19/2024 10:34:26 PAGE 2   

  55   3                      }
  56   2                      
  57   2                      else
  58   2                      {
  59   3                              for (i = 0; i < 8; i++)
  60   3                              {
  61   4                                      DisplayData[0][i] = MAX7219DATA[Min / 10][i]; // 更新缓存数据
  62   4                                      DisplayData[1][i] = MAX7219DATA[Min % 10][i];
  63   4                                      DisplayData[2][i] = MAX7219DATA[10][i];
  64   4                                      DisplayData[3][i] = MAX7219DATA[Sec / 10][i];
  65   4                                      DisplayData[4][i] = MAX7219DATA[Sec % 10][i];
  66   4                              }                               
  67   3                      }
  68   2                      
  69   2                      MAX7219_Display(); // 更新显示
  70   2                      
  71   2              }
  72   1      }
  73          
  74          
  75          void Timer0_Rountine(void) interrupt 1
  76          {
  77   1              static unsigned int Count;
  78   1              Count++;
  79   1              TL0 = 0x66;                             // 设置定时初始值
  80   1              TH0 = 0xFC;                             // 设置定时初始值
  81   1              
  82   1              if(Count >= 35000)      // 约35秒切换一次显示内容
  83   1              {
  84   2                      Count = 0;
  85   2                      MODE = !MODE;
  86   2              }
  87   1              
  88   1      }


MODULE INFORMATION:   STATIC OVERLAYABLE
   CODE SIZE        =    598    ----
   CONSTANT SIZE    =   ----    ----
   XDATA SIZE       =   ----    ----
   PDATA SIZE       =   ----    ----
   DATA SIZE        =      7       1
   IDATA SIZE       =   ----    ----
   BIT SIZE         =   ----    ----
END OF MODULE INFORMATION.


C51 COMPILATION COMPLETE.  0 WARNING(S),  0 ERROR(S)
