C51 COMPILER V9.60.7.0   KEY                                                               07/06/2024 15:52:02 PAGE 1   


C51 COMPILER V9.60.7.0, COMPILATION OF MODULE KEY
OBJECT MODULE PLACED IN .\Objects\Key.obj
COMPILER INVOKED BY: E:\KEIL5\C51\BIN\C51.EXE Key.c OPTIMIZE(8,SPEED) BROWSE DEBUG OBJECTEXTEND PRINT(.\Listings\Key.lst
                    -) OBJECT(.\Objects\Key.obj)

line level    source

   1          #include <REGX52.H>
   2          #include "Delay1ms.h"
   3          sbit Key1 = P3^1;
   4          sbit Key2 = P3^0;
   5          sbit Key3 = P3^2;
   6          sbit Key4 = P3^3;
   7          
   8          unsigned char Key()
   9          {
  10   1              unsigned char value = 0;
  11   1              if (Key1 == 0) {Delay1ms(20); while(Key1 == 0); Delay1ms(20); value = 1;}
  12   1              if (Key2 == 0) {Delay1ms(20); while(Key2 == 0); Delay1ms(20); value = 2;}
  13   1              if (Key3 == 0) {Delay1ms(20); while(Key3 == 0); Delay1ms(20); value = 3;}
  14   1              if (Key4 == 0) {Delay1ms(20); while(Key4 == 0); Delay1ms(20); value = 4;}
  15   1              return value;
  16   1      }


MODULE INFORMATION:   STATIC OVERLAYABLE
   CODE SIZE        =     97    ----
   CONSTANT SIZE    =   ----    ----
   XDATA SIZE       =   ----    ----
   PDATA SIZE       =   ----    ----
   DATA SIZE        =   ----       1
   IDATA SIZE       =   ----    ----
   BIT SIZE         =   ----    ----
END OF MODULE INFORMATION.


C51 COMPILATION COMPLETE.  0 WARNING(S),  0 ERROR(S)
