C51 COMPILER V9.60.7.0   MAIN                                                              07/10/2024 11:02:44 PAGE 1   


C51 COMPILER V9.60.7.0, COMPILATION OF MODULE MAIN
OBJECT MODULE PLACED IN .\Objects\main.obj
COMPILER INVOKED BY: E:\KEIL5\C51\BIN\C51.EXE main.c OPTIMIZE(8,SPEED) BROWSE DEBUG OBJECTEXTEND PRINT(.\Listings\main.l
                    -st) OBJECT(.\Objects\main.obj)

line level    source

   1          #include <REGX52.H>
   2          #include "DS1302.h"
   3          #include "LCD1602.h"
   4          #include "Key.h"
   5          #include "Timer0.h"
   6          unsigned char Mode, Flag, KeyValue, DisplayFlag;
   7          
   8          void main()
   9          {
  10   1              LCD1602_Init();
  11   1              Timer0_Init();
  12   1              LCD_ShowString(1, 1, "  -  -  ");
  13   1              LCD_ShowString(2, 1, "  :  :  ");       
  14   1              LCD_ShowString(1, 12, "Day:");
  15   1              
  16   1              while(1)
  17   1              {
  18   2                      TR0 = 0;
  19   2                      KeyValue = Key();
  20   2                      TR0 = 1;
  21   2                      if (KeyValue == 1) 
  22   2                      {
  23   3                              Mode = !Mode;
  24   3                              Flag = 0;
  25   3                      }
  26   2                      
  27   2                      if (Mode)
  28   2                      {
  29   3                              if (KeyValue == 2)
  30   3                              {
  31   4                                      Flag++;
  32   4                                      Flag %= 7;
  33   4                              }
  34   3                              if (KeyValue == 3)
  35   3                              {
  36   4                                      TimeData[Flag]++;
  37   4                                      if (Flag == 0) {if (TimeData[Flag] > 99) TimeData[Flag] = 0;
  38   5                                              if(TimeData[Flag] % 4 == 0 && TimeData[1] == 2 && TimeData[2] > 29) TimeData[2] = 1;
  39   5                                              if(TimeData[Flag] % 4 != 0 && TimeData[1] == 2 && TimeData[2] > 28) TimeData[2] = 1;
  40   5                                      }
  41   4                                      if (Flag == 1) {if (TimeData[Flag] > 12) TimeData[Flag] = 1;
  42   5                                              if(TimeData[Flag] == 4 || TimeData[Flag] == 6 ||
  43   5                                                 TimeData[Flag] == 9 || TimeData[Flag] == 11)  
  44   5                                              {
  45   6                                                      if(TimeData[2] > 30) TimeData[2] = 1;
  46   6                                              }
  47   5                                              
  48   5                                      }
  49   4                                      
  50   4                                      if (Flag == 2) {
  51   5                                              if (TimeData[1] == 1 || TimeData[1] == 3 || 
  52   5                                                      TimeData[1] == 5 || TimeData[1] == 7 || 
  53   5                                                      TimeData[1] == 8 || TimeData[1] == 10 || 
  54   5                                                      TimeData[1] == 12)
C51 COMPILER V9.60.7.0   MAIN                                                              07/10/2024 11:02:44 PAGE 2   

  55   5                                              {
  56   6                                                      if (TimeData[Flag] > 31) TimeData[Flag] = 1;
  57   6                                              }
  58   5                                              
  59   5                                              else if (TimeData[1] == 4 || TimeData[1] == 6 || 
  60   5                                                           TimeData[1] == 9 || TimeData[1] == 11)
  61   5                                              {
  62   6                                                      if (TimeData[Flag] > 30) TimeData[Flag] = 1;
  63   6                                              }
  64   5                                              
  65   5                                              
  66   5                                              else if ( TimeData[1] == 2 && TimeData[0] % 4 != 0 && TimeData[Flag] > 28)
  67   5                                              {
  68   6                                                      TimeData[Flag] = 1;
  69   6                                              }
  70   5                                              
  71   5                                              
  72   5                                              else if ( TimeData[1] == 2 && TimeData[0] % 4 == 0 && TimeData[Flag] > 29)
  73   5                                              {
  74   6                                                      TimeData[Flag] = 1;
  75   6                                              }
  76   5                                              
  77   5                                      }
  78   4                                                                      
  79   4                                      
  80   4                                      if (Flag == 3) {if (TimeData[Flag] > 23) TimeData[Flag] = 0;}
  81   4                                      if (Flag == 4) {if (TimeData[Flag] > 59) TimeData[Flag] = 0;}
  82   4                                      if (Flag == 5) {if (TimeData[Flag] > 59) TimeData[Flag] = 0;}
  83   4                                      if (Flag == 6) {if (TimeData[Flag] > 7) TimeData[Flag] = 1;}
  84   4                                      
  85   4                              }
  86   3                              if (KeyValue == 4)
  87   3                              {
  88   4                                      TimeData[Flag]--;
  89   4                                      if (Flag == 0) {if (TimeData[Flag] < 0) TimeData[Flag] = 99;
  90   5                                              if(TimeData[Flag] % 4 == 0 && TimeData[1] == 2 && TimeData[2] < 29) TimeData[2] = 1;
  91   5                                              if(TimeData[Flag] % 4 != 0 && TimeData[1] == 2 && TimeData[2] > 28) TimeData[2] = 1;
  92   5                                      }
  93   4                                      if (Flag == 1) {if (TimeData[Flag] < 1) TimeData[Flag] = 12;
  94   5                                              if(TimeData[Flag] == 4 || TimeData[Flag] == 6 ||
  95   5                                                 TimeData[Flag] == 9 || TimeData[Flag] == 11
  96   5                                              )  
  97   5                                              {
  98   6                                                      if (TimeData[2] > 30) TimeData[2] = 1;
  99   6                                              }
 100   5                                              
 101   5                                      }
 102   4                                      
 103   4                                      if (Flag == 2) {
 104   5                                              if (TimeData[1] == 1 || TimeData[1] == 3 || 
 105   5                                                      TimeData[1] == 5 || TimeData[1] == 7 || 
 106   5                                                      TimeData[1] == 8 || TimeData[1] == 10 || 
 107   5                                                      TimeData[1] == 12)
 108   5                                              {
 109   6                                                      if (TimeData[Flag] < 1) TimeData[Flag] = 31;
 110   6                                                      
 111   6                                              }
 112   5                                              
 113   5                                              else if (TimeData[1] == 4 || TimeData[1] == 6 || 
 114   5                                                           TimeData[1] == 9 || TimeData[1] == 11)
 115   5                                              {
 116   6                                                      if (TimeData[Flag] < 1 ) TimeData[Flag] = 30;
C51 COMPILER V9.60.7.0   MAIN                                                              07/10/2024 11:02:44 PAGE 3   

 117   6                                                      
 118   6                                              }
 119   5                                              
 120   5                                              
 121   5                                              else if ( TimeData[1] == 2 && TimeData[0] % 4 != 0 && TimeData[Flag] < 1)
 122   5                                              {
 123   6                                                      TimeData[Flag] = 28;
 124   6                                              }
 125   5                                              
 126   5                                              
 127   5                                              else if ( TimeData[1] == 2 && TimeData[0] % 4 == 0 && TimeData[Flag] < 1)
 128   5                                              {
 129   6                                                      TimeData[Flag] = 28;
 130   6                                              }
 131   5                                              
 132   5                                      }
 133   4                                      
 134   4                                      if (Flag == 3) {if (TimeData[Flag] < 0) TimeData[Flag] = 23;}
 135   4                                      if (Flag == 4) {if (TimeData[Flag] < 0) TimeData[Flag] = 59;}
 136   4                                      if (Flag == 5) {if (TimeData[Flag] < 0) TimeData[Flag] = 59;}
 137   4                                      if (Flag == 6) {if (TimeData[Flag] < 1) TimeData[Flag] = 7;}                            
 138   4                              }
 139   3                              Set_DS1302Time();
 140   3                              
 141   3                              if (DisplayFlag)
 142   3                              {
 143   4                                      LCD_ShowNub(1, 1,  TimeData[0], 2);     
 144   4                                      LCD_ShowNub(1, 4,  TimeData[1], 2);     
 145   4                                      LCD_ShowNub(1, 7,  TimeData[2], 2);
 146   4                                      LCD_ShowNub(2, 1,  TimeData[3], 2);
 147   4                                      LCD_ShowNub(2, 4,  TimeData[4], 2);
 148   4                                      LCD_ShowNub(2, 7,  TimeData[5], 2);
 149   4                                      LCD_ShowNub(1, 16, TimeData[6], 1);                             
 150   4                              }
 151   3                              else
 152   3                              {
 153   4                                      if (Flag == 0) LCD_ShowString(1, 1,  "  ");
 154   4                                      if (Flag == 1) LCD_ShowString(1, 4,  "  ");
 155   4                                      if (Flag == 2) LCD_ShowString(1, 7,  "  ");
 156   4                                      if (Flag == 3) LCD_ShowString(2, 1,  "  ");
 157   4                                      if (Flag == 4) LCD_ShowString(2, 4,  "  ");
 158   4                                      if (Flag == 5) LCD_ShowString(2, 7,  "  ");
 159   4                                      if (Flag == 6) LCD_ShowString(1, 16,  " ");                     
 160   4                                      
 161   4                              }
 162   3                              
 163   3                      }
 164   2                      else
 165   2                      {
 166   3                              Read_DS1302Time();
 167   3                              LCD_ShowNub(1, 1,  TimeData[0], 2);
 168   3                              LCD_ShowNub(1, 4,  TimeData[1], 2);
 169   3                              LCD_ShowNub(1, 7,  TimeData[2], 2);
 170   3                              LCD_ShowNub(2, 1,  TimeData[3], 2);
 171   3                              LCD_ShowNub(2, 4,  TimeData[4], 2);
 172   3                              LCD_ShowNub(2, 7,  TimeData[5], 2);
 173   3                              LCD_ShowNub(1, 16, TimeData[6], 1);                             
 174   3                      }
 175   2                      
 176   2              }
 177   1      }
 178          
C51 COMPILER V9.60.7.0   MAIN                                                              07/10/2024 11:02:44 PAGE 4   

 179          
 180          void Timer0_Rountine(void) interrupt 1
 181          {
 182   1              static unsigned int count;
 183   1              count++;
 184   1              TL0 = 0x66;                             //设置定时初始值
 185   1              TH0 = 0xFC;                             //设置定时初始值
 186   1              if(count >= 500)
 187   1              {
 188   2                      count = 0;
 189   2                      DisplayFlag = !DisplayFlag;
 190   2              }
 191   1      }


MODULE INFORMATION:   STATIC OVERLAYABLE
   CODE SIZE        =   1433    ----
   CONSTANT SIZE    =     28    ----
   XDATA SIZE       =   ----    ----
   PDATA SIZE       =   ----    ----
   DATA SIZE        =      6    ----
   IDATA SIZE       =   ----    ----
   BIT SIZE         =   ----    ----
END OF MODULE INFORMATION.


C51 COMPILATION COMPLETE.  0 WARNING(S),  0 ERROR(S)
