C51 COMPILER V9.60.7.0   TIMER0                                                            07/06/2024 16:41:08 PAGE 1   


C51 COMPILER V9.60.7.0, COMPILATION OF MODULE TIMER0
OBJECT MODULE PLACED IN .\Objects\Timer0.obj
COMPILER INVOKED BY: E:\KEIL5\C51\BIN\C51.EXE Timer0.c OPTIMIZE(8,SPEED) BROWSE DEBUG OBJECTEXTEND PRINT(.\Listings\Time
                    -r0.lst) OBJECT(.\Objects\Timer0.obj)

line level    source

   1          #include <REGX52.H>
   2          
   3          void Timer0_Init(void)          //1毫秒@11.0592MHz
   4          {
   5   1              TMOD &= 0xF0;                   //设置定时器模式
   6   1              TMOD |= 0x01;                   //设置定时器模式
   7   1              TL0 = 0x66;                             //设置定时初始值
   8   1              TH0 = 0xFC;                             //设置定时初始值
   9   1              TF0 = 0;                                //清除TF0标志
  10   1              TR0 = 1;                                //定时器0开始计时
  11   1              EA = 1;
  12   1              ET0 = 1;
  13   1      }
  14          
  15          //void Timer0_Rountine(void) interrupt 1
  16          //{
  17          //      static unsigned int count;
  18          //      count++;
  19          //      TL0 = 0x66;                             //设置定时初始值
  20          //      TH0 = 0xFC;                             //设置定时初始值
  21          //      if(count >= 1000)
  22          //      {
  23          //              count = 0;
  24          //      }
  25          //}


MODULE INFORMATION:   STATIC OVERLAYABLE
   CODE SIZE        =     21    ----
   CONSTANT SIZE    =   ----    ----
   XDATA SIZE       =   ----    ----
   PDATA SIZE       =   ----    ----
   DATA SIZE        =   ----    ----
   IDATA SIZE       =   ----    ----
   BIT SIZE         =   ----    ----
END OF MODULE INFORMATION.


C51 COMPILATION COMPLETE.  0 WARNING(S),  0 ERROR(S)
